{
  "author": [
    {
      "id": 1,
      "full_name": "full name",
      "date_of_birth": "2019-05-20 21:15:30.0",
      "nationality": "nationality"
    }
  ],
  "book": [
    {
      "id": 1,
      "book_name": "bookName",
      "number_of_pages": "120",
      "publication_year": "1970",
      "author_id" : 1
    }
  ]
}