{
  "author": [
    {
      "id": 1,
      "full_name": "-",
      "date_of_birth": "1970-01-02 00:00:00.001",
      "nationality": "-"
    },
    {
      "id": 2,
      "full_name": "full name",
      "date_of_birth": "1970-01-01 10:00:00.001",
      "nationality": "nationality"
    }
  ]
}
